// Jest Snapshot v1, https://goo.gl/fbAQLP

exports[`MovieNavOverview Render MovieNavOverview 1`] = `
Array [
  <div
    className="movie-rating"
  >
    <div
      className="movie-rating__score"
    >
      9.8
    </div>
    <p
      className="movie-rating__meta"
    >
      <span
        className="movie-rating__level"
      >
        Very good
      </span>
      <span
        className="movie-rating__count"
      >
        842
         ratings
      </span>
    </p>
  </div>,
  <div
    className="movie-card__text"
  >
    <p>
      Unscrupulous boxing promoters, violent bookmakers, a Russian gangster, incompetent amateur robbers and supposedly Jewish jewelers fight to track down a priceless stolen diamond.
    </p>
    <p
      className="movie-card__director"
    >
      <strong>
        Director: 
        Guy Ritchie
      </strong>
    </p>
    <p
      className="movie-card__starring"
    >
      <strong>
        Starring: 
        Jason Statham, Brad Pitt, Benicio Del Toro
         and other
      </strong>
    </p>
  </div>,
]
`;
