// Jest Snapshot v1, https://goo.gl/fbAQLP

exports[`MovieReview Render MovieReview 1`] = `
<div
  className="review"
>
  <blockquote
    className="review__quote"
  >
    <p
      className="review__text"
    />
    <footer
      className="review__details"
    >
      <cite
        className="review__author"
      />
      <time
        className="review__date"
        dateTime="2019-5-9"
      >
        2019-05-08T14:13:56.569Z
      </time>
    </footer>
  </blockquote>
  <div
    className="review__rating"
  >
    8.9
  </div>
</div>
`;
