// Jest Snapshot v1, https://goo.gl/fbAQLP

exports[`VideoPlayer Render VideoPlayer 1`] = `
<video
  height="175"
  poster="img/snatch.jpg"
  width="280"
>
  your browser doesn\`t support embedded videos
</video>
`;
